  Determining projects to restore...
  All projects are up-to-date for restore.
C:\Program Files\dotnet\sdk\8.0.416\Microsoft.Common.CurrentVersion.targets(5321,5): warning MSB3026: Could not copy "E:\18. QC System\obj\Debug\net8.0\apphost.exe" to "bin\Debug\net8.0\AplikasiCheckDimensi.exe". Beginning retry 1 in 1000ms. The process cannot access the file 'E:\18. QC System\bin\Debug\net8.0\AplikasiCheckDimensi.exe' because it is being used by another process. The file is locked by: "AplikasiCheckDimensi (4252)" [E:\18. QC System\AplikasiCheckDimensi.csproj]
C:\Program Files\dotnet\sdk\8.0.416\Microsoft.Common.CurrentVersion.targets(5321,5): warning MSB3026: Could not copy "E:\18. QC System\obj\Debug\net8.0\apphost.exe" to "bin\Debug\net8.0\AplikasiCheckDimensi.exe". Beginning retry 2 in 1000ms. The process cannot access the file 'E:\18. QC System\bin\Debug\net8.0\AplikasiCheckDimensi.exe' because it is being used by another process. The file is locked by: "AplikasiCheckDimensi (4252)" [E:\18. QC System\AplikasiCheckDimensi.csproj]
C:\Program Files\dotnet\sdk\8.0.416\Microsoft.Common.CurrentVersion.targets(5321,5): warning MSB3026: Could not copy "E:\18. QC System\obj\Debug\net8.0\apphost.exe" to "bin\Debug\net8.0\AplikasiCheckDimensi.exe". Beginning retry 3 in 1000ms. The process cannot access the file 'E:\18. QC System\bin\Debug\net8.0\AplikasiCheckDimensi.exe' because it is being used by another process. The file is locked by: "AplikasiCheckDimensi (4252)" [E:\18. QC System\AplikasiCheckDimensi.csproj]
C:\Program Files\dotnet\sdk\8.0.416\Microsoft.Common.CurrentVersion.targets(5321,5): warning MSB3026: Could not copy "E:\18. QC System\obj\Debug\net8.0\apphost.exe" to "bin\Debug\net8.0\AplikasiCheckDimensi.exe". Beginning retry 4 in 1000ms. The process cannot access the file 'E:\18. QC System\bin\Debug\net8.0\AplikasiCheckDimensi.exe' because it is being used by another process. The file is locked by: "AplikasiCheckDimensi (4252)" [E:\18. QC System\AplikasiCheckDimensi.csproj]
C:\Program Files\dotnet\sdk\8.0.416\Microsoft.Common.CurrentVersion.targets(5321,5): warning MSB3026: Could not copy "E:\18. QC System\obj\Debug\net8.0\apphost.exe" to "bin\Debug\net8.0\AplikasiCheckDimensi.exe". Beginning retry 5 in 1000ms. The process cannot access the file 'E:\18. QC System\bin\Debug\net8.0\AplikasiCheckDimensi.exe' because it is being used by another process. The file is locked by: "AplikasiCheckDimensi (4252)" [E:\18. QC System\AplikasiCheckDimensi.csproj]
C:\Program Files\dotnet\sdk\8.0.416\Microsoft.Common.CurrentVersion.targets(5321,5): warning MSB3026: Could not copy "E:\18. QC System\obj\Debug\net8.0\apphost.exe" to "bin\Debug\net8.0\AplikasiCheckDimensi.exe". Beginning retry 6 in 1000ms. The process cannot access the file 'E:\18. QC System\bin\Debug\net8.0\AplikasiCheckDimensi.exe' because it is being used by another process. The file is locked by: "AplikasiCheckDimensi (4252)" [E:\18. QC System\AplikasiCheckDimensi.csproj]
C:\Program Files\dotnet\sdk\8.0.416\Microsoft.Common.CurrentVersion.targets(5321,5): warning MSB3026: Could not copy "E:\18. QC System\obj\Debug\net8.0\apphost.exe" to "bin\Debug\net8.0\AplikasiCheckDimensi.exe". Beginning retry 7 in 1000ms. The process cannot access the file 'E:\18. QC System\bin\Debug\net8.0\AplikasiCheckDimensi.exe' because it is being used by another process. The file is locked by: "AplikasiCheckDimensi (4252)" [E:\18. QC System\AplikasiCheckDimensi.csproj]
C:\Program Files\dotnet\sdk\8.0.416\Microsoft.Common.CurrentVersion.targets(5321,5): warning MSB3026: Could not copy "E:\18. QC System\obj\Debug\net8.0\apphost.exe" to "bin\Debug\net8.0\AplikasiCheckDimensi.exe". Beginning retry 8 in 1000ms. The process cannot access the file 'E:\18. QC System\bin\Debug\net8.0\AplikasiCheckDimensi.exe' because it is being used by another process. The file is locked by: "AplikasiCheckDimensi (4252)" [E:\18. QC System\AplikasiCheckDimensi.csproj]
C:\Program Files\dotnet\sdk\8.0.416\Microsoft.Common.CurrentVersion.targets(5321,5): warning MSB3026: Could not copy "E:\18. QC System\obj\Debug\net8.0\apphost.exe" to "bin\Debug\net8.0\AplikasiCheckDimensi.exe". Beginning retry 9 in 1000ms. The process cannot access the file 'E:\18. QC System\bin\Debug\net8.0\AplikasiCheckDimensi.exe' because it is being used by another process. The file is locked by: "AplikasiCheckDimensi (4252)" [E:\18. QC System\AplikasiCheckDimensi.csproj]
C:\Program Files\dotnet\sdk\8.0.416\Microsoft.Common.CurrentVersion.targets(5321,5): warning MSB3026: Could not copy "E:\18. QC System\obj\Debug\net8.0\apphost.exe" to "bin\Debug\net8.0\AplikasiCheckDimensi.exe". Beginning retry 10 in 1000ms. The process cannot access the file 'E:\18. QC System\bin\Debug\net8.0\AplikasiCheckDimensi.exe' because it is being used by another process. The file is locked by: "AplikasiCheckDimensi (4252)" [E:\18. QC System\AplikasiCheckDimensi.csproj]
C:\Program Files\dotnet\sdk\8.0.416\Microsoft.Common.CurrentVersion.targets(5321,5): error MSB3027: Could not copy "E:\18. QC System\obj\Debug\net8.0\apphost.exe" to "bin\Debug\net8.0\AplikasiCheckDimensi.exe". Exceeded retry count of 10. Failed. The file is locked by: "AplikasiCheckDimensi (4252)" [E:\18. QC System\AplikasiCheckDimensi.csproj]
C:\Program Files\dotnet\sdk\8.0.416\Microsoft.Common.CurrentVersion.targets(5321,5): error MSB3021: Unable to copy file "E:\18. QC System\obj\Debug\net8.0\apphost.exe" to "bin\Debug\net8.0\AplikasiCheckDimensi.exe". The process cannot access the file 'E:\18. QC System\bin\Debug\net8.0\AplikasiCheckDimensi.exe' because it is being used by another process. [E:\18. QC System\AplikasiCheckDimensi.csproj]

Build FAILED.

C:\Program Files\dotnet\sdk\8.0.416\Microsoft.Common.CurrentVersion.targets(5321,5): warning MSB3026: Could not copy "E:\18. QC System\obj\Debug\net8.0\apphost.exe" to "bin\Debug\net8.0\AplikasiCheckDimensi.exe". Beginning retry 1 in 1000ms. The process cannot access the file 'E:\18. QC System\bin\Debug\net8.0\AplikasiCheckDimensi.exe' because it is being used by another process. The file is locked by: "AplikasiCheckDimensi (4252)" [E:\18. QC System\AplikasiCheckDimensi.csproj]
C:\Program Files\dotnet\sdk\8.0.416\Microsoft.Common.CurrentVersion.targets(5321,5): warning MSB3026: Could not copy "E:\18. QC System\obj\Debug\net8.0\apphost.exe" to "bin\Debug\net8.0\AplikasiCheckDimensi.exe". Beginning retry 2 in 1000ms. The process cannot access the file 'E:\18. QC System\bin\Debug\net8.0\AplikasiCheckDimensi.exe' because it is being used by another process. The file is locked by: "AplikasiCheckDimensi (4252)" [E:\18. QC System\AplikasiCheckDimensi.csproj]
C:\Program Files\dotnet\sdk\8.0.416\Microsoft.Common.CurrentVersion.targets(5321,5): warning MSB3026: Could not copy "E:\18. QC System\obj\Debug\net8.0\apphost.exe" to "bin\Debug\net8.0\AplikasiCheckDimensi.exe". Beginning retry 3 in 1000ms. The process cannot access the file 'E:\18. QC System\bin\Debug\net8.0\AplikasiCheckDimensi.exe' because it is being used by another process. The file is locked by: "AplikasiCheckDimensi (4252)" [E:\18. QC System\AplikasiCheckDimensi.csproj]
C:\Program Files\dotnet\sdk\8.0.416\Microsoft.Common.CurrentVersion.targets(5321,5): warning MSB3026: Could not copy "E:\18. QC System\obj\Debug\net8.0\apphost.exe" to "bin\Debug\net8.0\AplikasiCheckDimensi.exe". Beginning retry 4 in 1000ms. The process cannot access the file 'E:\18. QC System\bin\Debug\net8.0\AplikasiCheckDimensi.exe' because it is being used by another process. The file is locked by: "AplikasiCheckDimensi (4252)" [E:\18. QC System\AplikasiCheckDimensi.csproj]
C:\Program Files\dotnet\sdk\8.0.416\Microsoft.Common.CurrentVersion.targets(5321,5): warning MSB3026: Could not copy "E:\18. QC System\obj\Debug\net8.0\apphost.exe" to "bin\Debug\net8.0\AplikasiCheckDimensi.exe". Beginning retry 5 in 1000ms. The process cannot access the file 'E:\18. QC System\bin\Debug\net8.0\AplikasiCheckDimensi.exe' because it is being used by another process. The file is locked by: "AplikasiCheckDimensi (4252)" [E:\18. QC System\AplikasiCheckDimensi.csproj]
C:\Program Files\dotnet\sdk\8.0.416\Microsoft.Common.CurrentVersion.targets(5321,5): warning MSB3026: Could not copy "E:\18. QC System\obj\Debug\net8.0\apphost.exe" to "bin\Debug\net8.0\AplikasiCheckDimensi.exe". Beginning retry 6 in 1000ms. The process cannot access the file 'E:\18. QC System\bin\Debug\net8.0\AplikasiCheckDimensi.exe' because it is being used by another process. The file is locked by: "AplikasiCheckDimensi (4252)" [E:\18. QC System\AplikasiCheckDimensi.csproj]
C:\Program Files\dotnet\sdk\8.0.416\Microsoft.Common.CurrentVersion.targets(5321,5): warning MSB3026: Could not copy "E:\18. QC System\obj\Debug\net8.0\apphost.exe" to "bin\Debug\net8.0\AplikasiCheckDimensi.exe". Beginning retry 7 in 1000ms. The process cannot access the file 'E:\18. QC System\bin\Debug\net8.0\AplikasiCheckDimensi.exe' because it is being used by another process. The file is locked by: "AplikasiCheckDimensi (4252)" [E:\18. QC System\AplikasiCheckDimensi.csproj]
C:\Program Files\dotnet\sdk\8.0.416\Microsoft.Common.CurrentVersion.targets(5321,5): warning MSB3026: Could not copy "E:\18. QC System\obj\Debug\net8.0\apphost.exe" to "bin\Debug\net8.0\AplikasiCheckDimensi.exe". Beginning retry 8 in 1000ms. The process cannot access the file 'E:\18. QC System\bin\Debug\net8.0\AplikasiCheckDimensi.exe' because it is being used by another process. The file is locked by: "AplikasiCheckDimensi (4252)" [E:\18. QC System\AplikasiCheckDimensi.csproj]
C:\Program Files\dotnet\sdk\8.0.416\Microsoft.Common.CurrentVersion.targets(5321,5): warning MSB3026: Could not copy "E:\18. QC System\obj\Debug\net8.0\apphost.exe" to "bin\Debug\net8.0\AplikasiCheckDimensi.exe". Beginning retry 9 in 1000ms. The process cannot access the file 'E:\18. QC System\bin\Debug\net8.0\AplikasiCheckDimensi.exe' because it is being used by another process. The file is locked by: "AplikasiCheckDimensi (4252)" [E:\18. QC System\AplikasiCheckDimensi.csproj]
C:\Program Files\dotnet\sdk\8.0.416\Microsoft.Common.CurrentVersion.targets(5321,5): warning MSB3026: Could not copy "E:\18. QC System\obj\Debug\net8.0\apphost.exe" to "bin\Debug\net8.0\AplikasiCheckDimensi.exe". Beginning retry 10 in 1000ms. The process cannot access the file 'E:\18. QC System\bin\Debug\net8.0\AplikasiCheckDimensi.exe' because it is being used by another process. The file is locked by: "AplikasiCheckDimensi (4252)" [E:\18. QC System\AplikasiCheckDimensi.csproj]
C:\Program Files\dotnet\sdk\8.0.416\Microsoft.Common.CurrentVersion.targets(5321,5): error MSB3027: Could not copy "E:\18. QC System\obj\Debug\net8.0\apphost.exe" to "bin\Debug\net8.0\AplikasiCheckDimensi.exe". Exceeded retry count of 10. Failed. The file is locked by: "AplikasiCheckDimensi (4252)" [E:\18. QC System\AplikasiCheckDimensi.csproj]
C:\Program Files\dotnet\sdk\8.0.416\Microsoft.Common.CurrentVersion.targets(5321,5): error MSB3021: Unable to copy file "E:\18. QC System\obj\Debug\net8.0\apphost.exe" to "bin\Debug\net8.0\AplikasiCheckDimensi.exe". The process cannot access the file 'E:\18. QC System\bin\Debug\net8.0\AplikasiCheckDimensi.exe' because it is being used by another process. [E:\18. QC System\AplikasiCheckDimensi.csproj]
    10 Warning(s)
    2 Error(s)

Time Elapsed 00:00:14.55
